Info: Start Nativelink Simulation process

========= EDA Simulation Settings =====================

Sim Mode              :  Gate
Family                :  cycloneii
Quartus root          :  c:/altera/13.0sp1/quartus/bin64/
Quartus sim root      :  c:/altera/13.0sp1/quartus/eda/sim_lib
Simulation Tool       :  modelsim-altera
Simulation Language   :  verilog
Simulation Mode       :  GUI
Sim Output File       :  showall.vo
Sim SDF file          :  showall__verilog.sdo
Sim dir               :  simulation\modelsim

=======================================================

Info: Starting NativeLink simulation with ModelSim-Altera software
Sourced NativeLink script c:/altera/13.0sp1/quartus/common/tcl/internal/nativelink/modelsim.tcl
Warning: File showall_run_msim_gate_verilog.do already exists - backing up current file as showall_run_msim_gate_verilog.do.bak1
Probing transcript
ModelSim-Altera Info: # Reading C:/altera/13.0sp1/modelsim_ase/tcl/vsim/pref.tcl 
ModelSim-Altera Info: # ERROR: No extended dataflow license exists
ModelSim-Altera Info: # do showall_run_msim_gate_verilog.do 
ModelSim-Altera Info: # if {[file exists gate_work]} {
ModelSim-Altera Info: # 	vdel -lib gate_work -all
ModelSim-Altera Info: # }
ModelSim-Altera Info: # vlib gate_work
ModelSim-Altera Info: # vmap work gate_work
ModelSim-Altera Info: # Copying C:\altera\13.0sp1\modelsim_ase\win32aloem/../modelsim.ini to modelsim.ini
ModelSim-Altera Info: # Modifying modelsim.ini
ModelSim-Altera Warning: # ** Warning: Copied C:\altera\13.0sp1\modelsim_ase\win32aloem/../modelsim.ini to modelsim.ini.
ModelSim-Altera Info: #          Updated modelsim.ini.
ModelSim-Altera Info: # 
ModelSim-Altera Info: # vlog -vlog01compat -work work +incdir+. {showall.vo}
ModelSim-Altera Info: # Model Technology ModelSim ALTERA vlog 10.1d Compiler 2012.11 Nov  2 2012
ModelSim-Altera Info: # -- Compiling module showall
ModelSim-Altera Info: # 
ModelSim-Altera Info: # Top level modules:
ModelSim-Altera Info: # 	showall
ModelSim-Altera Info: # 
ModelSim-Altera Info: # vlog -vlog01compat -work work +incdir+C:/altera/13.0sp1/projects/2018011501eda2/ChargePhone1/showall {C:/altera/13.0sp1/projects/2018011501eda2/ChargePhone1/showall/showall_test.v}
ModelSim-Altera Info: # Model Technology ModelSim ALTERA vlog 10.1d Compiler 2012.11 Nov  2 2012
ModelSim-Altera Info: # -- Compiling module showall_test
ModelSim-Altera Info: # 
ModelSim-Altera Info: # Top level modules:
ModelSim-Altera Info: # 	showall_test
ModelSim-Altera Info: # 
ModelSim-Altera Info: # vsim -t 1ps +transport_int_delays +transport_path_delays -L cycloneii_ver -L gate_work -L work -voptargs="+acc"  showall_test
ModelSim-Altera Info: # vsim +transport_int_delays +transport_path_delays -L cycloneii_ver -L gate_work -L work -voptargs=\"+acc\" -t 1ps showall_test 
ModelSim-Altera Info: # Loading work.showall_test
ModelSim-Altera Info: # Loading work.showall
ModelSim-Altera Info: # Loading cycloneii_ver.cycloneii_lcell_comb
ModelSim-Altera Info: # Loading cycloneii_ver.cycloneii_lcell_ff
ModelSim-Altera Info: # Loading cycloneii_ver.cycloneii_io
ModelSim-Altera Info: # Loading cycloneii_ver.cycloneii_mux21
ModelSim-Altera Info: # Loading cycloneii_ver.cycloneii_dffe
ModelSim-Altera Info: # Loading cycloneii_ver.cycloneii_asynch_io
ModelSim-Altera Info: # Loading cycloneii_ver.cycloneii_clkctrl
ModelSim-Altera Info: # Loading cycloneii_ver.cycloneii_mux41
ModelSim-Altera Info: # Loading cycloneii_ver.cycloneii_ena_reg
ModelSim-Altera Info: # SDF 10.1d Compiler 2012.11 Nov  2 2012
ModelSim-Altera Info: # 
ModelSim-Altera Info: # Loading instances from showall_v.sdo
ModelSim-Altera Info: # Loading cycloneii_ver.CYCLONEII_PRIM_DFFE
ModelSim-Altera Info: # Loading timing data from showall_v.sdo
ModelSim-Altera Info: # ** Note: (vsim-3587) SDF Backannotation Successfully Completed.
ModelSim-Altera Info: #    Time: 0 ps  Iteration: 0  Instance: /showall_test File: C:/altera/13.0sp1/projects/2018011501eda2/ChargePhone1/showall/showall_test.v
ModelSim-Altera Info: # 
ModelSim-Altera Info: # add wave *
ModelSim-Altera Info: # view structure
ModelSim-Altera Info: # .main_pane.structure.interior.cs.body.struct
ModelSim-Altera Info: # view signals
ModelSim-Altera Info: # .main_pane.objects.interior.cs.body.tree
ModelSim-Altera Info: # run -all
ModelSim-Altera Error: # ** Error: C:/altera/13.0sp1/modelsim_ase/win32aloem/../altera/verilog/src/cycloneii_atoms.v(5351): $hold( posedge clk &&& nosloadsclr:1022771 ps, datain:1022789 ps, 306 ps );
ModelSim-Altera Info: #    Time: 1022789 ps  Iteration: 0  Instance: /showall_test/sh/\dc|num[3] 
ModelSim-Altera Error: # ** Error: C:/altera/13.0sp1/modelsim_ase/win32aloem/../altera/verilog/src/cycloneii_atoms.v(5351): $hold( posedge clk &&& nosloadsclr:1022771 ps, datain:1022820 ps, 306 ps );
ModelSim-Altera Info: #    Time: 1022820 ps  Iteration: 0  Instance: /showall_test/sh/\dc|num[3] 
ModelSim-Altera Error: # ** Error: C:/altera/13.0sp1/modelsim_ase/win32aloem/../altera/verilog/src/cycloneii_atoms.v(5351): $hold( posedge clk &&& nosloadsclr:2262769 ps, datain:2262957 ps, 306 ps );
ModelSim-Altera Info: #    Time: 2262957 ps  Iteration: 0  Instance: /showall_test/sh/\dc|num[0] 
ModelSim-Altera Error: # ** Error: C:/altera/13.0sp1/modelsim_ase/win32aloem/../altera/verilog/src/cycloneii_atoms.v(5351): $hold( posedge clk &&& nosloadsclr:5262769 ps, datain:5262800 ps, 306 ps );
ModelSim-Altera Info: #    Time: 5262800 ps  Iteration: 0  Instance: /showall_test/sh/\dc|num[2] 
ModelSim-Altera Info: # Break key hit 
ModelSim-Altera Info: # Simulation stop requested.
Error: Errors encountered while running modelsim do file
Error: NativeLink simulation flow was NOT successful



================The following additional information is provided to help identify the cause of error while running nativelink scripts=================
Nativelink TCL script failed with errorCode:  1
Nativelink TCL script failed with errorInfo:  1
    (procedure "launch_sim" line 1)
    invoked from within
"launch_sim launch_args_hash"
    ("eval" body line 1)
    invoked from within
"eval launch_sim launch_args_hash"
    invoked from within
"if [ info exists ::errorCode ] {
				set savedCode $::errorCode
				set savedInfo $::errorInfo
				error $result $savedInfo $savedCode
			} else {
			..."
    invoked from within
"if [catch {eval launch_sim launch_args_hash} result ] {
			set status 1
			if [ info exists ::errorCode ] {
				set savedCode $::errorCode
				set sav..."
    (procedure "run_sim" line 78)
    invoked from within
"run_sim run_sim_args_hash"
    invoked from within
"if [ info exists ::errorCode ] {
			set savedCode $::errorCode
			set savedInfo $::errorInfo
			error "$result" $savedInfo $savedCode
		} else {
			er..."
    (procedure "run_eda_simulation_tool" line 330)
    invoked from within
"run_eda_simulation_tool eda_opts_hash"
